  Press / to search
   Browse Conversations     
                            
  3 items                   
                            
Test Conversation 1         
Jun 25, 2025 • 5 messages   
                            
  Another Test Convo        
  Jun 25, 2025 • 10 messages
                            
  Final Test                
  Jun 25, 2025 • 2 messages 
                            
                            
                            
                            
                            
                            
                            
                            
                            
                            
                            
                            
  ↑/↓/j/k: navigate • g/G: top/bottom • PgUp/PgDn: page • enter: view • o: open in claude.ai • /: search • q: quit